﻿
> task-payroll@0.0.0 build
> vite build

[36mvite v8.0.0 [32mbuilding client environment for production...[36m[39m
[2K
transforming...Γ£ô 2175 modules transformed.
rendering chunks...
computing gzip size...
dist/index.html                   0.76 kB Γöé gzip:   0.43 kB
dist/assets/index-DsImXBOD.css   99.47 kB Γöé gzip:  16.35 kB
dist/assets/index-BcIWDiMy.js   765.27 kB Γöé gzip: 214.38 kB

node.exe : [33m[33m[PLUGIN_TIMINGS] Warning:[0m 
Your build spent significant time in plugins. Here 
is a breakdown:
At C:\nvm4w\nodejs\npm.ps1:29 char:3
+   & $NODE_EXE $NPM_CLI_JS $args
+   ~~~~~~~~~~~~~~~~~~~~~~~~~~~~~
    + CategoryInfo          : NotSpecified: ([33m 
   [33m[PLUG...is a breakdown::String) [], Remot  
  eException
    + FullyQualifiedErrorId : NativeCommandError
 
  - @rolldown/plugin-babel (92%)
  - @tailwindcss/vite:generate:build (7%)
See 
https://rolldown.rs/options/checks#plugintimings 
for more details.
[39m
[33m[plugin builtin:vite-reporter] 
(!) Some chunks are larger than 500 kB after 
minification. Consider:
- Using dynamic import() to code-split the 
application
- Use build.rolldownOptions.output.codeSplitting 
to improve chunking: https://rolldown.rs/reference/
OutputOptions.codeSplitting
- Adjust chunk size limit for this warning via 
build.chunkSizeWarningLimit.[39m
[32mΓ£ô built in 10.41s[39m
